// Jest Snapshot v1, https://goo.gl/fbAQLP

exports[`<InitialVisualBoilerplate /> should render the heading 1`] = `
.c0 {
  background-color: #6b705c;
  color: #ffe8d6;
  width: 100vw;
  height: 100vh;
}

.c1 {
  max-width: 600px;
  margin: auto auto;
  padding-top: 10%;
  font-family: 'Montserrat',sans-serif;
}

.c1 > hr {
  margin: 1em 0;
  opacity: 0.2;
}

.c2 > ul {
  padding: 1rem 0rem 3rem 2rem;
}

.c2 > ul > li {
  list-style: none;
  font-weight: 300;
  line-height: 2em;
}

.c2 > ul > li > svg {
  margin-right: 0.6em;
}

.c2 > ul > li > svg,
.c2 > ul > li strong {
  color: #ddbea9;
}

.c3 {
  text-align: center;
}

.c3 > h3 {
  margin-top: 2em;
  margin-bottom: 1em;
}

.c3 > h3 > a {
  -webkit-text-decoration: none;
  text-decoration: none;
  color: #ddbea9;
}

.c3 > h3 > a:hover {
  -webkit-transition: opacity 0.25s ease-out;
  transition: opacity 0.25s ease-out;
  opacity: 0.5;
}

.c4 {
  color: #ddbea9;
}

.c5 {
  list-style: none;
  display: -webkit-box;
  display: -webkit-flex;
  display: -ms-flexbox;
  display: flex;
  -webkit-flex-direction: row;
  -ms-flex-direction: row;
  flex-direction: row;
  -webkit-box-pack: center;
  -webkit-justify-content: center;
  -ms-flex-pack: center;
  justify-content: center;
}

.c5 > li {
  font-size: 1.5em;
  margin-right: 1em;
}

.c5 > li:last-child {
  margin-right: 0;
}

.c5 > li span {
  cursor: pointer;
}

.c5 > li span:hover {
  opacity: 0.6;
  -webkit-transition: opacity 0.25s ease-out;
  transition: opacity 0.25s ease-out;
}

<div
  class="c0"
>
  <div
    class="c1"
  >
    <h1>
      <span>
        Welcome
      </span>
       to my Boilerplate made in NextJs
    </h1>
    <h2>
      In this boilerplate you have:
    </h2>
    <section
      class="c2"
    >
      <ul>
        <li>
          <svg
            fill="currentColor"
            height="1em"
            role="img"
            stroke="currentColor"
            stroke-width="0"
            viewBox="0 0 24 24"
            width="1em"
            xmlns="http://www.w3.org/2000/svg"
          >
            <title />
            <path
              d="M16.214 6.762l-.075.391c-.116.741-.074.953.244 1.228l.307.254-.318 1.418c-.19.846-.423 1.555-.571 1.788-.127.201-.275.497-.307.656-.053.19-.233.381-.508.55-.243.138-.72.508-1.058.805-.27.243-.456.392-.557.456l-.33.261c-.106.17-.166.307-.189.411-.023.107-.01.178.024.23.033.05.09.085.168.107a.954.954 0 00.282.023 3 3 0 00.632-.112c.07-.019.125-.037.173-.053.074-.091.245-.263.548-.562.804-.793 1.111-1.227.794-1.11-.117.042-.064-.064.137-.276.424-.413.667-1.037 1.175-2.994.402-1.545.402-1.567.698-1.567.139 0 .532.024.532.024V6.762h-.902zm3.839 3.165c-.064 0-.17.096-.233.202-.116.19.021.306 1.767 1.396 1.037.657 1.873 1.217 1.852 1.26-.021.031-.868.582-1.883 1.217-1.842 1.142-1.852 1.153-1.683 1.386.212.275 0 .37 2.391-1.122L24 13.155v-.836l-1.937-1.196c-1.047-.656-1.957-1.185-2.01-1.196zm-16.085.117c-.053 0-.963.54-2.01 1.185L0 12.425v.836l1.947 1.217c1.08.666 1.99 1.217 2.032 1.217.042 0 .127-.096.212-.212.127-.201.02-.286-1.768-1.418C.72 12.996.54 12.848.71 12.732c.106-.074.91-.572 1.778-1.111 1.979-1.217 1.873-1.133 1.714-1.387-.063-.105-.17-.2-.233-.19zm8.684.023c-.292-.002-.92.443-2.8 1.978-.081.193-.088.326-.051.412.024.059.068.1.129.13.06.03.138.048.224.055.171.015.373-.012.536-.044l.11-.025a.386.386 0 01.144-.118c.116-.064.603-.508 1.09-.984.857-.868 1.058-1.26.709-1.387a.24.24 0 00-.09-.017zm2.196.603c-.257.007-.72.305-1.513.938-.398.323-.65.497-.785.533l-.524.414c-.197.36-.226.583-.174.706a.25.25 0 00.138.134.644.644 0 00.24.045 2.18 2.18 0 00.58-.085 3.466 3.466 0 00.291-.092l.029-.012.053-.028c.1-.129.33-.372.618-.652.91-.878 1.375-1.502 1.28-1.735-.043-.113-.117-.17-.233-.166zm-2.424 1.08c-.074.008-.24.136-.539.398-.432.382-.903.602-1.066.504a3.97 3.97 0 01-.114.024c-.166.033-.373.06-.558.045a.708.708 0 01-.252-.063.337.337 0 01-.168-.17c-.037-.09-.037-.202.005-.345l-.65.534-1.471 1.217V15.867l4.82-3.797a.41.41 0 01.016-.123c.037-.134.035-.202-.023-.196zm2.074.639c-.073 0-.195.103-.39.31-.265.283-.682.557-.903.613l-.034.018a2.191 2.191 0 01-.11.042c-.06.02-.138.044-.228.068-.18.049-.404.094-.604.089a.732.732 0 01-.275-.054.344.344 0 01-.184-.18c-.058-.139-.035-.334.092-.611L7.61 16.033v1.205h1.868l3.962-3.112c.103-.114.258-.27.467-.465.56-.519.687-.698.687-.963 0-.206-.023-.31-.096-.31zm.943 1.95l-.339.338c-.19.18-.529.402-.761.497l-.046.02-.003.005-.01.01c-.009.007-.013.008-.02.011a3.432 3.432 0 01-.282.093 3.058 3.058 0 01-.65.115 1.035 1.035 0 01-.31-.027.364.364 0 01-.218-.144c-.048-.074-.062-.173-.035-.295a1.11 1.11 0 01.095-.25l-3.197 2.526h4.252l.508-.582c.698-.814 1.016-1.396 1.016-1.894z"
            />
          </svg>
          CSS-in-JS styles with 
          <strong>
            Styled-Components
          </strong>
        </li>
        <li>
          <svg
            fill="currentColor"
            height="1em"
            role="img"
            stroke="currentColor"
            stroke-width="0"
            viewBox="0 0 24 24"
            width="1em"
            xmlns="http://www.w3.org/2000/svg"
          >
            <title />
            <path
              d="M0 12v12h24V0H0zm19.341-.956c.61.152 1.074.423 1.501.865.221.236.549.666.575.77.008.03-1.036.73-1.668 1.123-.023.015-.115-.084-.217-.236-.31-.45-.633-.644-1.128-.678-.728-.05-1.196.331-1.192.967a.88.88 0 0 0 .102.45c.16.331.458.53 1.39.933 1.719.74 2.454 1.227 2.911 1.92.51.773.625 2.008.278 2.926-.38.998-1.325 1.676-2.655 1.9-.411.073-1.386.062-1.828-.018-.964-.172-1.878-.648-2.442-1.273-.221-.243-.652-.88-.625-.925.011-.016.11-.077.22-.141.108-.061.511-.294.892-.515l.69-.4.145.214c.202.308.643.731.91.872.766.404 1.817.347 2.335-.118a.883.883 0 0 0 .313-.72c0-.278-.035-.4-.18-.61-.186-.266-.567-.49-1.649-.96-1.238-.533-1.771-.864-2.259-1.39a3.165 3.165 0 0 1-.659-1.2c-.091-.339-.114-1.189-.042-1.531.255-1.197 1.158-2.03 2.461-2.278.423-.08 1.406-.05 1.821.053zm-5.634 1.002l.008.983H10.59v8.876H8.38v-8.876H5.258v-.964c0-.534.011-.98.026-.99.012-.016 1.913-.024 4.217-.02l4.195.012z"
            />
          </svg>
          Super set 
          <strong>
            Typescript
          </strong>
        </li>
        <li>
          <svg
            fill="currentColor"
            height="1em"
            role="img"
            stroke="currentColor"
            stroke-width="0"
            viewBox="0 0 24 24"
            width="1em"
            xmlns="http://www.w3.org/2000/svg"
          >
            <title />
            <path
              d="M22.251 11.82a3.117 3.117 0 0 0-2.328-3.01L22.911 0H8.104L11.1 8.838a3.116 3.116 0 0 0-2.244 2.988c0 1.043.52 1.967 1.313 2.536a8.279 8.279 0 0 1-1.084 1.244 8.14 8.14 0 0 1-2.55 1.647c-.834-.563-1.195-1.556-.869-2.446a3.11 3.11 0 0 0-.91-6.08 3.117 3.117 0 0 0-3.113 3.113c0 .848.347 1.626.903 2.182-.048.097-.097.195-.146.299-.465.959-.993 2.043-1.195 3.259-.403 2.432.257 4.384 1.849 5.489A5.093 5.093 0 0 0 5.999 24c1.827 0 3.682-.917 5.475-1.807 1.279-.632 2.599-1.292 3.898-1.612.48-.118.98-.187 1.508-.264 1.07-.153 2.175-.312 3.168-.89a4.482 4.482 0 0 0 2.182-3.091c.174-.994 0-1.994-.444-2.87.298-.48.465-1.042.465-1.647zm-1.355 0c0 .965-.785 1.75-1.75 1.75a1.753 1.753 0 0 1-1.085-3.126l.007-.007c.056-.042.118-.084.18-.125 0 0 .008 0 .008-.007.028-.014.055-.035.083-.05.007 0 .014-.006.021-.006.028-.014.063-.028.097-.042.035-.014.07-.027.098-.041.007 0 .013-.007.02-.007.028-.007.056-.021.084-.028.007 0 .02-.007.028-.007.034-.007.062-.014.097-.02h.007l.104-.022c.007 0 .02 0 .028-.007.028 0 .055-.007.083-.007h.035c.035 0 .07-.007.111-.007h.09c.028 0 .05 0 .077.007h.014c.055.007.111.014.167.028a1.766 1.766 0 0 1 1.396 1.723zM10.043 1.39h10.93l-2.509 7.4c-.104.02-.208.055-.312.09l-2.64-5.385-2.648 5.35c-.104-.034-.216-.055-.327-.076l-2.494-7.38zm4.968 9.825a3.083 3.083 0 0 0-.938-1.668l1.438-2.904 1.452 2.967c-.43.43-.743.98-.868 1.605H15.01zm-3.481-1.098c.034-.007.062-.014.097-.02h.02c.029-.008.056-.008.084-.015h.028c.028 0 .049-.007.076-.007h.271c.028 0 .049.007.07.007.014 0 .02 0 .035.007.027.007.048.007.076.014.007 0 .014 0 .028.007l.097.02h.007c.028.008.056.015.083.029.007 0 .014.007.028.007.021.007.049.014.07.027.007 0 .014.007.02.007.028.014.056.021.084.035h.007a.374.374 0 0 1 .09.049h.007c.028.014.056.034.084.048.007 0 .007.007.013.007.028.014.05.035.077.049l.007.007c.083.062.16.132.236.201l.007.007a1.747 1.747 0 0 1 .48 1.209 1.752 1.752 0 0 1-3.502 0 1.742 1.742 0 0 1 1.32-1.695zm-6.838-.049c.966 0 1.751.786 1.751 1.751s-.785 1.751-1.75 1.751-1.752-.785-1.752-1.75.786-1.752 1.751-1.752zm16.163 6.025a3.07 3.07 0 0 1-1.508 2.133c-.758.438-1.689.577-2.669.716a17.29 17.29 0 0 0-1.64.291c-1.445.355-2.834 1.05-4.182 1.717-1.724.854-3.35 1.66-4.857 1.66a3.645 3.645 0 0 1-2.154-.688c-1.529-1.056-1.453-3.036-1.272-4.12.167-1.015.632-1.966 1.077-2.877.028-.055.049-.104.077-.16.152.056.312.098.479.126-.264 1.473.486 2.994 1.946 3.745l.264.139.284-.104c1.216-.431 2.342-1.133 3.336-2.071a9.334 9.334 0 0 0 1.445-1.716c.16.027.32.034.48.034a3.117 3.117 0 0 0 3.008-2.327h1.167a3.109 3.109 0 0 0 3.01 2.327c.576 0 1.11-.16 1.57-.43.18.52.236 1.063.139 1.605z"
            />
          </svg>
          A test library with 
          <strong>
            Jest
          </strong>
           and utilities
          <strong>
             Testing Library
          </strong>
        </li>
        <li>
          <svg
            fill="currentColor"
            height="1em"
            role="img"
            stroke="currentColor"
            stroke-width="0"
            viewBox="0 0 24 24"
            width="1em"
            xmlns="http://www.w3.org/2000/svg"
          >
            <title />
            <path
              d="M12 0A12 12 0 1 0 12 24A12 12 0 1 0 12 0Z"
            />
          </svg>
          <strong>
            Husky
          </strong>
           in conjunction with
           
          <strong>
            Lint stage
          </strong>
           to protect our git from shit
        </li>
        <li>
          <svg
            fill="currentColor"
            height="1em"
            role="img"
            stroke="currentColor"
            stroke-width="0"
            viewBox="0 0 24 24"
            width="1em"
            xmlns="http://www.w3.org/2000/svg"
          >
            <title />
            <path
              d="M15.76 0c-1.603.147-3.719.713-6.317 1.719a22.366 22.366 0 01-2.44 1.539l.01.158c.064 0 .136-.043.24-.096.106-.01.169.032.169.137l.168-.094.084-.011.01.074c.01.073-.566.523-1.707 1.33l.093.146-.084.012-.177-.064c0 .052-.073.085-.24.095l.01.084.189.21a.673.673 0 01-.252-.053c-.367.031-.734.303-1.09.806l.094.147c.314-.283.492-.43.544-.43l.022.23c-.052 0-.136.042-.24.094l.199.295A5.86 5.86 0 016.29 5.291c.23.063.346.125.346.209l.168-.01c1.225-.911 2.44-1.562 3.644-1.97l.012.158c-.22.335-.377.501-.461.511.01.116.052.21.115.305.021.21-.524 1.583-1.635 4.139-2.535 5.93-4.651 10.307-6.359 13.156 0 .052.041.136.094.23.419-.104.691-.197.806-.302l.096-.012.01.158.158-.011.166-.094c0 .052.063.073.168.062l.012.159c.01.157-.075.397-.274.722-.178.2-.355.607-.554 1.225l.01.074.158-.01c.68-.764 1.204-1.52 1.56-2.254 2.001-.586 3.52-1.162 4.578-1.728 1.058-.094 1.876-.365 2.42-.826l-.011-.084-.399.115-.094.01-.01-.084c.776-.116 1.32-.293 1.614-.524 1.519-1.173 2.66-2 3.435-2.492 2.4-1.76 3.531-3.457 3.395-5.07-.01-.168-.545-.828-1.582-1.98-.021-.22.345-.535 1.078-.954l2.086-1.834c.46-.597.744-1.56.838-2.89l-.031-.315c-.084-.932-.756-1.687-2.034-2.264C19.06.303 17.708.031 15.76 0zm2.525 1.037c1.55.063 2.347.335 2.389.817l-.063.158-2.326-.975zm-1.482 1.317c1.063-.016 1.617.267 1.672.863l.156-.012-.031-.398.168-.01c.408.22.627.492.648.816.021.22-.094.494-.355.819-.105.01-.168-.064-.178-.221l-.168.012-.041.47c-.702 1.048-1.205 1.582-1.52 1.614-.283.387-.462.587-.535.597-.22.262-.816.712-1.8 1.34-.325.032-1.531.493-3.616 1.404a.595.595 0 00-.334-.052l-.012-.147c-.02-.304.107-.681.41-1.142.158-.86.335-1.352.534-1.467l1.738-3.906c-.02-.241.347-.43 1.111-.555l.252-.022.02.221a50.387 50.387 0 011.394-.2c.173-.014.335-.022.487-.024zm3.619.39h.027c.139.012.288.263.446.744l.01.147c-.085.01-.24-.242-.471-.744l-.012-.147zm-9.836 2.483h.072l.022.23c-.074.01-.177.116-.303.336l-.012-.156c.147-.178.22-.316.22-.41zM5.6 5.354l.01.072c-.053 0-.136.043-.24.095l-.085.01-.01-.146.325-.031zM9.885 6.86l.031.315-.084.01-.031-.313.084-.012zm-.2.567c-.02.262-.084.397-.22.408l-.084.01c.094-.178.147-.303.137-.397l.168-.021zm-.345.816l.01.074-.147.25-.158.012-.01-.074c.157-.01.231-.093.22-.25l.085-.012zm-.358.735l-.04.386-.085.01-.03-.387.155-.01zm8.497.28l.345.212c.01.104-.042.167-.146.177-.147-.094-.262-.136-.346-.136l-.021-.23.168-.022zm-6.653.891l.012.147-.326.033-.01-.148.324-.032zm5.363.545c.23.105.347.21.358.293l.01.075c-.22.02-.42-.095-.608-.346l.24-.022zm2.6.252c.178.074.261.148.272.221l.052.617c-.073.168-.146.252-.23.252l-.094-1.09zm-4.195.065c.84-.014 1.482.184 1.922.605l.03.315c-.376 1.09-.795 1.719-1.245 1.918l-2.096 1.666c-1.56 1.026-2.4 1.538-2.525 1.548-2.483 1.373-4.032 2.075-4.63 2.127l-.095.01c.084-.293 1.185-2.555 3.322-6.808.943-.084 2.43-.525 4.452-1.32l.492-.042c.128-.01.253-.017.373-.02zm-3.055.49l.01.074-.334.031-.012-.074.336-.031zm-5.226 5.07c-.105.535-.221.808-.336.819l-.01-.075c-.021-.272.094-.513.346-.744zm7.101.336l.01.147c.01.063-.23.261-.701.607-1.394.681-2.21 1.152-2.452 1.393-1.508.523-2.252.849-2.242.974-1.34.535-2.22.923-2.638 1.164-.095.01-.241-.031-.43-.115-.021-.272.093-.494.365-.672.23-.02.463.011.672.106.251-.126.68-.274 1.299-.42l-.012-.156-.492.04c.063-.083.535-.303 1.436-.67l.251-.02.01.073c-.419.032-.66.167-.713.387.01.094.064.147.168.137.304-.21.461-.324.461-.356.608-.115 2.274-.995 5.008-2.619zm-7.584.723l.01.072c.01.105-.042.17-.147.18l-.01-.074c-.01-.095.042-.157.147-.178zm3.77.937c.089-.002.139.049.148.131-.199.021-.566.178-1.121.492l-.084.01-.01-.156a1.586 1.586 0 001.026-.47c.014-.003.028-.006.04-.007zm-3.664 1.243l.01.082c-.064 0-.138.043-.243.095l-.156.01c-.01-.073.032-.136.137-.168l.252-.02zm-1.918.953l.177.072c-.063.471-.198.713-.44.734a1.076 1.076 0 00-.513-.105l-.021-.23c-.01-.095.043-.147.158-.178.105-.01.167.061.178.218.282-.345.44-.511.46-.511Z"
            />
          </svg>
          Our big buddy 
          <strong>
            Babel
          </strong>
        </li>
      </ul>
    </section>
    <hr />
    <section
      class="c3"
    >
      <h3>
        My name is 
        <a
          href="http://pravtz.com.br"
        >
          Ederson Pravtz
        </a>
      </h3>
      <div
        class="c4"
      >
        <ul
          class="c5"
        >
          <li>
            <span>
              <svg
                fill="currentColor"
                height="1em"
                stroke="currentColor"
                stroke-width="0"
                viewBox="0 0 512 512"
                width="1em"
                xmlns="http://www.w3.org/2000/svg"
              >
                <path
                  d="M504 256C504 119 393 8 256 8S8 119 8 256c0 123.78 90.69 226.38 209.25 245V327.69h-63V256h63v-54.64c0-62.15 37-96.48 93.67-96.48 27.14 0 55.52 4.84 55.52 4.84v61h-31.28c-30.8 0-40.41 19.12-40.41 38.73V256h68.78l-11 71.69h-57.78V501C413.31 482.38 504 379.78 504 256z"
                />
              </svg>
            </span>
          </li>
          <li>
            <span>
              <svg
                fill="currentColor"
                height="1em"
                stroke="currentColor"
                stroke-width="0"
                viewBox="0 0 496 512"
                width="1em"
                xmlns="http://www.w3.org/2000/svg"
              >
                <path
                  d="M165.9 397.4c0 2-2.3 3.6-5.2 3.6-3.3.3-5.6-1.3-5.6-3.6 0-2 2.3-3.6 5.2-3.6 3-.3 5.6 1.3 5.6 3.6zm-31.1-4.5c-.7 2 1.3 4.3 4.3 4.9 2.6 1 5.6 0 6.2-2s-1.3-4.3-4.3-5.2c-2.6-.7-5.5.3-6.2 2.3zm44.2-1.7c-2.9.7-4.9 2.6-4.6 4.9.3 2 2.9 3.3 5.9 2.6 2.9-.7 4.9-2.6 4.6-4.6-.3-1.9-3-3.2-5.9-2.9zM244.8 8C106.1 8 0 113.3 0 252c0 110.9 69.8 205.8 169.5 239.2 12.8 2.3 17.3-5.6 17.3-12.1 0-6.2-.3-40.4-.3-61.4 0 0-70 15-84.7-29.8 0 0-11.4-29.1-27.8-36.6 0 0-22.9-15.7 1.6-15.4 0 0 24.9 2 38.6 25.8 21.9 38.6 58.6 27.5 72.9 20.9 2.3-16 8.8-27.1 16-33.7-55.9-6.2-112.3-14.3-112.3-110.5 0-27.5 7.6-41.3 23.6-58.9-2.6-6.5-11.1-33.3 2.6-67.9 20.9-6.5 69 27 69 27 20-5.6 41.5-8.5 62.8-8.5s42.8 2.9 62.8 8.5c0 0 48.1-33.6 69-27 13.7 34.7 5.2 61.4 2.6 67.9 16 17.7 25.8 31.5 25.8 58.9 0 96.5-58.9 104.2-114.8 110.5 9.2 7.9 17 22.9 17 46.4 0 33.7-.3 75.4-.3 83.6 0 6.5 4.6 14.4 17.3 12.1C428.2 457.8 496 362.9 496 252 496 113.3 383.5 8 244.8 8zM97.2 352.9c-1.3 1-1 3.3.7 5.2 1.6 1.6 3.9 2.3 5.2 1 1.3-1 1-3.3-.7-5.2-1.6-1.6-3.9-2.3-5.2-1zm-10.8-8.1c-.7 1.3.3 2.9 2.3 3.9 1.6 1 3.6.7 4.3-.7.7-1.3-.3-2.9-2.3-3.9-2-.6-3.6-.3-4.3.7zm32.4 35.6c-1.6 1.3-1 4.3 1.3 6.2 2.3 2.3 5.2 2.6 6.5 1 1.3-1.3.7-4.3-1.3-6.2-2.2-2.3-5.2-2.6-6.5-1zm-11.4-14.7c-1.6 1-1.6 3.6 0 5.9 1.6 2.3 4.3 3.3 5.6 2.3 1.6-1.3 1.6-3.9 0-6.2-1.4-2.3-4-3.3-5.6-2z"
                />
              </svg>
            </span>
          </li>
          <li>
            <span>
              <svg
                fill="currentColor"
                height="1em"
                stroke="currentColor"
                stroke-width="0"
                viewBox="0 0 448 512"
                width="1em"
                xmlns="http://www.w3.org/2000/svg"
              >
                <path
                  d="M224.1 141c-63.6 0-114.9 51.3-114.9 114.9s51.3 114.9 114.9 114.9S339 319.5 339 255.9 287.7 141 224.1 141zm0 189.6c-41.1 0-74.7-33.5-74.7-74.7s33.5-74.7 74.7-74.7 74.7 33.5 74.7 74.7-33.6 74.7-74.7 74.7zm146.4-194.3c0 14.9-12 26.8-26.8 26.8-14.9 0-26.8-12-26.8-26.8s12-26.8 26.8-26.8 26.8 12 26.8 26.8zm76.1 27.2c-1.7-35.9-9.9-67.7-36.2-93.9-26.2-26.2-58-34.4-93.9-36.2-37-2.1-147.9-2.1-184.9 0-35.8 1.7-67.6 9.9-93.9 36.1s-34.4 58-36.2 93.9c-2.1 37-2.1 147.9 0 184.9 1.7 35.9 9.9 67.7 36.2 93.9s58 34.4 93.9 36.2c37 2.1 147.9 2.1 184.9 0 35.9-1.7 67.7-9.9 93.9-36.2 26.2-26.2 34.4-58 36.2-93.9 2.1-37 2.1-147.8 0-184.8zM398.8 388c-7.8 19.6-22.9 34.7-42.6 42.6-29.5 11.7-99.5 9-132.1 9s-102.7 2.6-132.1-9c-19.6-7.8-34.7-22.9-42.6-42.6-11.7-29.5-9-99.5-9-132.1s-2.6-102.7 9-132.1c7.8-19.6 22.9-34.7 42.6-42.6 29.5-11.7 99.5-9 132.1-9s102.7-2.6 132.1 9c19.6 7.8 34.7 22.9 42.6 42.6 11.7 29.5 9 99.5 9 132.1s2.7 102.7-9 132.1z"
                />
              </svg>
            </span>
          </li>
          <li>
            <span>
              <svg
                fill="currentColor"
                height="1em"
                stroke="currentColor"
                stroke-width="0"
                viewBox="0 0 512 512"
                width="1em"
                xmlns="http://www.w3.org/2000/svg"
              >
                <path
                  d="M459.37 151.716c.325 4.548.325 9.097.325 13.645 0 138.72-105.583 298.558-298.558 298.558-59.452 0-114.68-17.219-161.137-47.106 8.447.974 16.568 1.299 25.34 1.299 49.055 0 94.213-16.568 130.274-44.832-46.132-.975-84.792-31.188-98.112-72.772 6.498.974 12.995 1.624 19.818 1.624 9.421 0 18.843-1.3 27.614-3.573-48.081-9.747-84.143-51.98-84.143-102.985v-1.299c13.969 7.797 30.214 12.67 47.431 13.319-28.264-18.843-46.781-51.005-46.781-87.391 0-19.492 5.197-37.36 14.294-52.954 51.655 63.675 129.3 105.258 216.365 109.807-1.624-7.797-2.599-15.918-2.599-24.04 0-57.828 46.782-104.934 104.934-104.934 30.213 0 57.502 12.67 76.67 33.137 23.715-4.548 46.456-13.32 66.599-25.34-7.798 24.366-24.366 44.833-46.132 57.827 21.117-2.273 41.584-8.122 60.426-16.243-14.292 20.791-32.161 39.308-52.628 54.253z"
                />
              </svg>
            </span>
          </li>
          <li>
            <span>
              <svg
                fill="currentColor"
                height="1em"
                stroke="currentColor"
                stroke-width="0"
                viewBox="0 0 448 512"
                width="1em"
                xmlns="http://www.w3.org/2000/svg"
              >
                <path
                  d="M416 32H31.9C14.3 32 0 46.5 0 64.3v383.4C0 465.5 14.3 480 31.9 480H416c17.6 0 32-14.5 32-32.3V64.3c0-17.8-14.4-32.3-32-32.3zM135.4 416H69V202.2h66.5V416zm-33.2-243c-21.3 0-38.5-17.3-38.5-38.5S80.9 96 102.2 96c21.2 0 38.5 17.3 38.5 38.5 0 21.3-17.2 38.5-38.5 38.5zm282.1 243h-66.4V312c0-24.8-.5-56.7-34.5-56.7-34.6 0-39.9 27-39.9 54.9V416h-66.4V202.2h63.7v29.2h.9c8.9-16.8 30.6-34.5 62.9-34.5 67.2 0 79.7 44.3 79.7 101.9V416z"
                />
              </svg>
            </span>
          </li>
        </ul>
      </div>
    </section>
  </div>
</div>
`
